
  .   ____          _            __ _ _
 /\\ / ___'_ __ _ _(_)_ __  __ _ \ \ \ \
( ( )\___ | '_ | '_| | '_ \/ _` | \ \ \ \
 \\/  ___)| |_)| | | | | || (_| |  ) ) ) )
  '  |____| .__|_| |_|_| |_\__, | / / / /
 =========|_|==============|___/=/_/_/_/
 :: Spring Boot ::                (v3.2.5)

2026-06-15T15:30:01.660+06:00  INFO 7556 --- [           main] c.i.management.ManagementApplication     : Starting ManagementApplication v0.0.1-SNAPSHOT using Java 22.0.1 with PID 7556 (F:\xampp\htdocs\aoopfinal\Startup-Incubator-Management-System-main\backend\target\management-0.0.1-SNAPSHOT.jar started by hp in F:\xampp\htdocs\Startup-Incubator-Management-System-main)
2026-06-15T15:30:01.664+06:00  INFO 7556 --- [           main] c.i.management.ManagementApplication     : No active profile set, falling back to 1 default profile: "default"
2026-06-15T15:30:03.837+06:00  INFO 7556 --- [           main] .s.d.r.c.RepositoryConfigurationDelegate : Bootstrapping Spring Data JPA repositories in DEFAULT mode.
2026-06-15T15:30:04.064+06:00  INFO 7556 --- [           main] .s.d.r.c.RepositoryConfigurationDelegate : Finished Spring Data repository scanning in 193 ms. Found 13 JPA repository interfaces.
2026-06-15T15:30:05.862+06:00  INFO 7556 --- [           main] o.s.b.w.embedded.tomcat.TomcatWebServer  : Tomcat initialized with port 8085 (http)
2026-06-15T15:30:05.941+06:00  INFO 7556 --- [           main] o.apache.catalina.core.StandardService   : Starting service [Tomcat]
2026-06-15T15:30:05.943+06:00  INFO 7556 --- [           main] o.apache.catalina.core.StandardEngine    : Starting Servlet engine: [Apache Tomcat/10.1.20]
2026-06-15T15:30:06.083+06:00  INFO 7556 --- [           main] o.a.c.c.C.[Tomcat].[localhost].[/]       : Initializing Spring embedded WebApplicationContext
2026-06-15T15:30:06.109+06:00  INFO 7556 --- [           main] w.s.c.ServletWebServerApplicationContext : Root WebApplicationContext: initialization completed in 4297 ms
2026-06-15T15:30:06.564+06:00  INFO 7556 --- [           main] o.hibernate.jpa.internal.util.LogHelper  : HHH000204: Processing PersistenceUnitInfo [name: default]
2026-06-15T15:30:06.769+06:00  INFO 7556 --- [           main] org.hibernate.Version                    : HHH000412: Hibernate ORM core version 6.4.4.Final
2026-06-15T15:30:06.881+06:00  INFO 7556 --- [           main] o.h.c.internal.RegionFactoryInitiator    : HHH000026: Second-level cache disabled
2026-06-15T15:30:07.461+06:00  INFO 7556 --- [           main] o.s.o.j.p.SpringPersistenceUnitInfo      : No LoadTimeWeaver setup: ignoring JPA class transformer
2026-06-15T15:30:07.585+06:00  INFO 7556 --- [           main] com.zaxxer.hikari.HikariDataSource       : HikariPool-1 - Starting...
2026-06-15T15:30:08.062+06:00  INFO 7556 --- [           main] com.zaxxer.hikari.pool.HikariPool        : HikariPool-1 - Added connection com.mysql.cj.jdbc.ConnectionImpl@5822ecda
2026-06-15T15:30:08.089+06:00  INFO 7556 --- [           main] com.zaxxer.hikari.HikariDataSource       : HikariPool-1 - Start completed.
2026-06-15T15:30:08.165+06:00  WARN 7556 --- [           main] org.hibernate.dialect.Dialect            : HHH000511: The 5.5.0 version for [org.hibernate.dialect.MySQLDialect] is no longer supported, hence certain features may not work properly. The minimum supported version is 8.0.0. Check the community dialects project for available legacy versions.
2026-06-15T15:30:10.253+06:00  INFO 7556 --- [           main] o.h.e.t.j.p.i.JtaPlatformInitiator       : HHH000489: No JTA platform available (set 'hibernate.transaction.jta.platform' to enable JTA platform integration)
2026-06-15T15:30:10.644+06:00  INFO 7556 --- [           main] j.LocalContainerEntityManagerFactoryBean : Initialized JPA EntityManagerFactory for persistence unit 'default'
2026-06-15T15:30:11.648+06:00  INFO 7556 --- [           main] o.s.d.j.r.query.QueryEnhancerFactory     : Hibernate is in classpath; If applicable, HQL parser will be used.
2026-06-15T15:30:13.049+06:00  WARN 7556 --- [           main] JpaBaseConfiguration$JpaWebConfiguration : spring.jpa.open-in-view is enabled by default. Therefore, database queries may be performed during view rendering. Explicitly configure spring.jpa.open-in-view to disable this warning
2026-06-15T15:30:13.117+06:00  WARN 7556 --- [           main] .s.s.UserDetailsServiceAutoConfiguration : 

Using generated security password: dae97c83-abea-4815-bc07-a3b0605ba5ca

This generated password is for development use only. Your security configuration must be updated before running your application in production.

2026-06-15T15:30:13.983+06:00  INFO 7556 --- [           main] o.s.s.web.DefaultSecurityFilterChain     : Will secure any request with [org.springframework.security.web.session.DisableEncodeUrlFilter@1e6a8d01, org.springframework.security.web.context.request.async.WebAsyncManagerIntegrationFilter@63c07eaf, org.springframework.security.web.context.SecurityContextHolderFilter@7671c02d, org.springframework.security.web.header.HeaderWriterFilter@77c8b276, org.springframework.web.filter.CorsFilter@34b4c82a, org.springframework.security.web.authentication.logout.LogoutFilter@1c8746a0, org.springframework.security.web.savedrequest.RequestCacheAwareFilter@4aa4bfa1, org.springframework.security.web.servletapi.SecurityContextHolderAwareRequestFilter@2100d881, org.springframework.security.web.authentication.AnonymousAuthenticationFilter@67e7fe73, org.springframework.security.web.access.ExceptionTranslationFilter@76afb9d, org.springframework.security.web.access.intercept.AuthorizationFilter@316987c4]
2026-06-15T15:30:14.771+06:00  INFO 7556 --- [           main] o.s.b.w.embedded.tomcat.TomcatWebServer  : Tomcat started on port 8085 (http) with context path ''
2026-06-15T15:30:14.825+06:00  INFO 7556 --- [           main] c.i.management.ManagementApplication     : Started ManagementApplication in 14.328 seconds (process running for 15.456)
